HTTP/2.0 403 Forbidden
Access-Control-Allow-Origin: *
Access-Control-Expose-Headers: ETag, Link, Location, Retry-After, X-GitHub-OTP, X-RateLimit-Limit, X-RateLimit-Remaining, X-RateLimit-Used, X-RateLimit-Resource, X-RateLimit-Reset, X-OAuth-Scopes, X-Accepted-OAuth-Scopes, X-Poll-Interval, X-GitHub-Media-Type, X-GitHub-SSO, X-GitHub-Request-Id, Deprecation, Sunset, Warning
Content-Security-Policy: default-src 'none'
Content-Type: application/json; charset=utf-8
Date: Mon, 03 Aug 2026 12:01:47 GMT
Referrer-Policy: origin-when-cross-origin, strict-origin-when-cross-origin
Server: github.com
Strict-Transport-Security: max-age=31536000; includeSubdomains; preload
Vary: Accept-Encoding, Accept, X-Requested-With
X-Accepted-Github-Permissions: pages=write
X-Content-Type-Options: nosniff
X-Frame-Options: deny
X-Github-Api-Version-Selected: 2022-11-28
X-Github-Edge-Region: iad
X-Github-Media-Type: github.v3; format=json
X-Github-Request-Id: E7C0:3D9E58:CFE49:2D12FF:6A70832B
X-Ratelimit-Limit: 5000
X-Ratelimit-Remaining: 4995
X-Ratelimit-Reset: 1785760037
X-Ratelimit-Resource: core
X-Ratelimit-Used: 5
X-Xss-Protection: 0

{"message":"The repository does not have a GitHub Pages site. See https://docs.github.com/v3/repos/pages/","documentation_url":"https://docs.github.com/rest/pages/pages#request-a-apiname-pages-build","status":"403"}gh: The repository does not have a GitHub Pages site. See https://docs.github.com/v3/repos/pages/ (HTTP 403)
